# v5 (current TGNConfig defaults) — 2026-09-21

=== LATERAL — v5 default config (200k events) ===
  gate=label      cfg|dev_new   AUC=0.643±0.014 recall=0.291 benignFPR=0.0040 n=[263, 235, 184]
  gate=label      cfg|usr_new   AUC=0.675±0.033 recall=0.359 benignFPR=0.0089 n=[263, 235, 184]
  gate=label      dev|usr_new   AUC=0.689±0.036 recall=0.000 benignFPR=0.0000 n=[263, 235, 184]
  gate=label      src|usr_new   AUC=0.545±0.036 recall=0.000 benignFPR=0.0000 n=[263, 235, 184]
  gate=label      role_changed  AUC=0.500±0.000 recall=0.000 benignFPR=0.0000 n=[263, 235, 184]
  gate=label      sensor        AUC=0.526±0.019 recall=0.000 benignFPR=0.0000 n=[263, 235, 184]
  gate=label      stateful      AUC=0.780±0.016 recall=0.189 benignFPR=0.0024 n=[263, 235, 184]
  gate=label      combined      AUC=0.781±0.011 recall=0.103 benignFPR=0.0030 n=[263, 235, 184]
  gate=all        cfg|dev_new   AUC=0.635±0.012 recall=0.274 benignFPR=0.0038 n=[263, 235, 184]
  gate=all        cfg|usr_new   AUC=0.607±0.004 recall=0.222 benignFPR=0.0082 n=[263, 235, 184]
  gate=all        dev|usr_new   AUC=0.513±0.011 recall=0.000 benignFPR=0.0000 n=[263, 235, 184]
  gate=all        src|usr_new   AUC=0.489±0.013 recall=0.000 benignFPR=0.0000 n=[263, 235, 184]
  gate=all        role_changed  AUC=0.500±0.000 recall=0.000 benignFPR=0.0000 n=[263, 235, 184]
  gate=all        sensor        AUC=0.526±0.019 recall=0.000 benignFPR=0.0000 n=[263, 235, 184]
  gate=all        stateful      AUC=0.651±0.009 recall=0.060 benignFPR=0.0021 n=[263, 235, 184]
  gate=all        combined      AUC=0.655±0.006 recall=0.034 benignFPR=0.0029 n=[263, 235, 184]
  gate=proto-self cfg|dev_new   AUC=0.586±0.016 recall=0.000 benignFPR=0.0000 n=[263, 235, 184]
  gate=proto-self cfg|usr_new   AUC=0.634±0.025 recall=0.000 benignFPR=0.0000 n=[263, 235, 184]
  gate=proto-self dev|usr_new   AUC=0.638±0.027 recall=0.000 benignFPR=0.0000 n=[263, 235, 184]
  gate=proto-self src|usr_new   AUC=0.547±0.031 recall=0.000 benignFPR=0.0000 n=[263, 235, 184]
  gate=proto-self role_changed  AUC=0.500±0.000 recall=0.000 benignFPR=0.0000 n=[263, 235, 184]
  gate=proto-self sensor        AUC=0.526±0.019 recall=0.000 benignFPR=0.0000 n=[263, 235, 184]
  gate=proto-self stateful      AUC=0.678±0.015 recall=0.000 benignFPR=0.0000 n=[263, 235, 184]
  gate=proto-self combined      AUC=0.683±0.010 recall=0.026 benignFPR=0.0006 n=[263, 235, 184]
  gate=proto-all  cfg|dev_new   AUC=0.639±0.015 recall=0.283 benignFPR=0.0039 n=[263, 235, 184]
  gate=proto-all  cfg|usr_new   AUC=0.624±0.009 recall=0.257 benignFPR=0.0087 n=[263, 235, 184]
  gate=proto-all  dev|usr_new   AUC=0.515±0.011 recall=0.000 benignFPR=0.0000 n=[263, 235, 184]
  gate=proto-all  src|usr_new   AUC=0.492±0.012 recall=0.000 benignFPR=0.0000 n=[263, 235, 184]
  gate=proto-all  role_changed  AUC=0.500±0.000 recall=0.000 benignFPR=0.0000 n=[263, 235, 184]
  gate=proto-all  sensor        AUC=0.526±0.019 recall=0.000 benignFPR=0.0000 n=[263, 235, 184]
  gate=proto-all  stateful      AUC=0.658±0.011 recall=0.069 benignFPR=0.0023 n=[263, 235, 184]
  gate=proto-all  combined      AUC=0.662±0.009 recall=0.044 benignFPR=0.0030 n=[263, 235, 184]

=== CREDENTIAL THEFT — v5 default config (200k events) ===
  gate=label      cfg_new       AUC=0.634±0.043 recall=0.268 benignFPR=0.0003 n=[212, 204, 276]
  gate=label      src_new       AUC=0.720±0.039 recall=0.000 benignFPR=0.0000 n=[212, 204, 276]
  gate=label      dev_new       AUC=0.645±0.023 recall=0.291 benignFPR=0.0008 n=[212, 204, 276]
  gate=label      cfg|usr_new   AUC=0.709±0.077 recall=0.428 benignFPR=0.0089 n=[212, 204, 276]
  gate=label      dev|usr_new   AUC=0.653±0.015 recall=0.000 benignFPR=0.0000 n=[212, 204, 276]
  gate=label      src|usr_new   AUC=0.731±0.024 recall=0.000 benignFPR=0.0000 n=[212, 204, 276]
  gate=label      stateful      AUC=0.872±0.020 recall=0.482 benignFPR=0.0024 n=[212, 204, 276]
  gate=label      combined      AUC=0.860±0.020 recall=0.251 benignFPR=0.0030 n=[212, 204, 276]
  gate=all        cfg_new       AUC=0.531±0.010 recall=0.062 benignFPR=0.0003 n=[212, 204, 276]
  gate=all        src_new       AUC=0.538±0.006 recall=0.000 benignFPR=0.0000 n=[212, 204, 276]
  gate=all        dev_new       AUC=0.500±0.000 recall=0.000 benignFPR=0.0004 n=[212, 204, 276]
  gate=all        cfg|usr_new   AUC=0.543±0.013 recall=0.094 benignFPR=0.0082 n=[212, 204, 276]
  gate=all        dev|usr_new   AUC=0.479±0.001 recall=0.000 benignFPR=0.0000 n=[212, 204, 276]
  gate=all        src|usr_new   AUC=0.497±0.003 recall=0.000 benignFPR=0.0000 n=[212, 204, 276]
  gate=all        stateful      AUC=0.510±0.002 recall=0.105 benignFPR=0.0021 n=[212, 204, 276]
  gate=all        combined      AUC=0.490±0.011 recall=0.055 benignFPR=0.0029 n=[212, 204, 276]
  gate=proto-self cfg_new       AUC=0.648±0.034 recall=0.000 benignFPR=0.0000 n=[212, 204, 276]
  gate=proto-self src_new       AUC=0.720±0.039 recall=0.000 benignFPR=0.0000 n=[212, 204, 276]
  gate=proto-self dev_new       AUC=0.610±0.040 recall=0.000 benignFPR=0.0000 n=[212, 204, 276]
  gate=proto-self cfg|usr_new   AUC=0.700±0.068 recall=0.000 benignFPR=0.0000 n=[212, 204, 276]
  gate=proto-self dev|usr_new   AUC=0.626±0.020 recall=0.000 benignFPR=0.0000 n=[212, 204, 276]
  gate=proto-self src|usr_new   AUC=0.725±0.032 recall=0.000 benignFPR=0.0000 n=[212, 204, 276]
  gate=proto-self stateful      AUC=0.824±0.034 recall=0.000 benignFPR=0.0000 n=[212, 204, 276]
  gate=proto-self combined      AUC=0.813±0.034 recall=0.003 benignFPR=0.0006 n=[212, 204, 276]
  gate=proto-all  cfg_new       AUC=0.531±0.010 recall=0.062 benignFPR=0.0003 n=[212, 204, 276]
  gate=proto-all  src_new       AUC=0.538±0.006 recall=0.000 benignFPR=0.0000 n=[212, 204, 276]
  gate=proto-all  dev_new       AUC=0.531±0.005 recall=0.062 benignFPR=0.0007 n=[212, 204, 276]
  gate=proto-all  cfg|usr_new   AUC=0.544±0.015 recall=0.097 benignFPR=0.0087 n=[212, 204, 276]
  gate=proto-all  dev|usr_new   AUC=0.481±0.002 recall=0.000 benignFPR=0.0000 n=[212, 204, 276]
  gate=proto-all  src|usr_new   AUC=0.497±0.003 recall=0.000 benignFPR=0.0000 n=[212, 204, 276]
  gate=proto-all  stateful      AUC=0.510±0.002 recall=0.110 benignFPR=0.0023 n=[212, 204, 276]
  gate=proto-all  combined      AUC=0.490±0.011 recall=0.056 benignFPR=0.0030 n=[212, 204, 276]

# v4 process (V4_KNOBS) — before

=== LATERAL — v4 process, default size (200k events) ===
  gate=label      cfg|dev_new   AUC=0.600±0.010 recall=0.201 benignFPR=0.0009 n=[3751, 3759, 3813]
  gate=label      cfg|usr_new   AUC=0.737±0.006 recall=0.475 benignFPR=0.0012 n=[3751, 3759, 3813]
  gate=label      dev|usr_new   AUC=0.500±0.000 recall=0.000 benignFPR=0.0006 n=[3751, 3759, 3813]
  gate=label      src|usr_new   AUC=0.445±0.002 recall=0.000 benignFPR=0.0000 n=[3751, 3759, 3813]
  gate=label      role_changed  AUC=0.679±0.025 recall=0.357 benignFPR=0.0000 n=[3751, 3759, 3813]
  gate=label      sensor        AUC=0.560±0.003 recall=0.120 benignFPR=0.0000 n=[3751, 3759, 3813]
  gate=label      stateful      AUC=0.791±0.009 recall=0.310 benignFPR=0.0010 n=[3751, 3759, 3813]
  gate=label      combined      AUC=0.815±0.007 recall=0.354 benignFPR=0.0010 n=[3751, 3759, 3813]
  gate=all        cfg|dev_new   AUC=0.518±0.003 recall=0.038 benignFPR=0.0007 n=[3751, 3759, 3813]
  gate=all        cfg|usr_new   AUC=0.515±0.001 recall=0.030 benignFPR=0.0001 n=[3751, 3759, 3813]
  gate=all        dev|usr_new   AUC=0.500±0.000 recall=0.000 benignFPR=0.0005 n=[3751, 3759, 3813]
  gate=all        src|usr_new   AUC=0.445±0.001 recall=0.000 benignFPR=0.0000 n=[3751, 3759, 3813]
  gate=all        role_changed  AUC=0.679±0.025 recall=0.357 benignFPR=0.0000 n=[3751, 3759, 3813]
  gate=all        sensor        AUC=0.560±0.003 recall=0.120 benignFPR=0.0000 n=[3751, 3759, 3813]
  gate=all        stateful      AUC=0.642±0.025 recall=0.030 benignFPR=0.0005 n=[3751, 3759, 3813]
  gate=all        combined      AUC=0.682±0.023 recall=0.071 benignFPR=0.0005 n=[3751, 3759, 3813]
  gate=proto-self cfg|dev_new   AUC=0.592±0.005 recall=0.000 benignFPR=0.0000 n=[3751, 3759, 3813]
  gate=proto-self cfg|usr_new   AUC=0.710±0.006 recall=0.000 benignFPR=0.0000 n=[3751, 3759, 3813]
  gate=proto-self dev|usr_new   AUC=0.492±0.002 recall=0.000 benignFPR=0.0000 n=[3751, 3759, 3813]
  gate=proto-self src|usr_new   AUC=0.438±0.001 recall=0.000 benignFPR=0.0000 n=[3751, 3759, 3813]
  gate=proto-self role_changed  AUC=0.679±0.025 recall=0.357 benignFPR=0.0000 n=[3751, 3759, 3813]
  gate=proto-self sensor        AUC=0.560±0.003 recall=0.120 benignFPR=0.0000 n=[3751, 3759, 3813]
  gate=proto-self stateful      AUC=0.742±0.007 recall=0.012 benignFPR=0.0053 n=[3751, 3759, 3813]
  gate=proto-self combined      AUC=0.765±0.005 recall=0.021 benignFPR=0.0053 n=[3751, 3759, 3813]
  gate=proto-all  cfg|dev_new   AUC=0.556±0.007 recall=0.114 benignFPR=0.0008 n=[3751, 3759, 3813]
  gate=proto-all  cfg|usr_new   AUC=0.647±0.005 recall=0.294 benignFPR=0.0008 n=[3751, 3759, 3813]
  gate=proto-all  dev|usr_new   AUC=0.500±0.000 recall=0.000 benignFPR=0.0006 n=[3751, 3759, 3813]
  gate=proto-all  src|usr_new   AUC=0.445±0.002 recall=0.000 benignFPR=0.0000 n=[3751, 3759, 3813]
  gate=proto-all  role_changed  AUC=0.679±0.025 recall=0.357 benignFPR=0.0000 n=[3751, 3759, 3813]
  gate=proto-all  sensor        AUC=0.560±0.003 recall=0.120 benignFPR=0.0000 n=[3751, 3759, 3813]
  gate=proto-all  stateful      AUC=0.732±0.017 recall=0.183 benignFPR=0.0008 n=[3751, 3759, 3813]
  gate=proto-all  combined      AUC=0.762±0.015 recall=0.231 benignFPR=0.0008 n=[3751, 3759, 3813]

=== CREDENTIAL THEFT — v4 process, theft-rich stream (80k) ===
  gate=label      cfg_new       AUC=1.000±0.000 recall=1.000 benignFPR=0.0001 n=[213, 126, 123]
  gate=label      src_new       AUC=1.000±0.000 recall=1.000 benignFPR=0.0000 n=[213, 126, 123]
  gate=label      dev_new       AUC=0.500±0.000 recall=0.000 benignFPR=0.0005 n=[213, 126, 123]
  gate=label      cfg|usr_new   AUC=0.999±0.000 recall=1.000 benignFPR=0.0029 n=[213, 126, 123]
  gate=label      dev|usr_new   AUC=0.570±0.032 recall=0.141 benignFPR=0.0015 n=[213, 126, 123]
  gate=label      src|usr_new   AUC=0.913±0.001 recall=0.000 benignFPR=0.0000 n=[213, 126, 123]
  gate=label      stateful      AUC=0.999±0.000 recall=1.000 benignFPR=0.0026 n=[213, 126, 123]
  gate=label      combined      AUC=0.999±0.000 recall=1.000 benignFPR=0.0026 n=[213, 126, 123]
  gate=all        cfg_new       AUC=0.610±0.004 recall=0.219 benignFPR=0.0000 n=[213, 126, 123]
  gate=all        src_new       AUC=0.610±0.004 recall=0.219 benignFPR=0.0000 n=[213, 126, 123]
  gate=all        dev_new       AUC=0.500±0.000 recall=0.000 benignFPR=0.0005 n=[213, 126, 123]
  gate=all        cfg|usr_new   AUC=0.609±0.003 recall=0.219 benignFPR=0.0007 n=[213, 126, 123]
  gate=all        dev|usr_new   AUC=0.499±0.000 recall=0.000 benignFPR=0.0012 n=[213, 126, 123]
  gate=all        src|usr_new   AUC=0.527±0.004 recall=0.000 benignFPR=0.0000 n=[213, 126, 123]
  gate=all        stateful      AUC=0.544±0.005 recall=0.219 benignFPR=0.0015 n=[213, 126, 123]
  gate=all        combined      AUC=0.544±0.005 recall=0.219 benignFPR=0.0015 n=[213, 126, 123]
  gate=proto-self cfg_new       AUC=0.993±0.007 recall=0.333 benignFPR=0.0000 n=[213, 126, 123]
  gate=proto-self src_new       AUC=1.000±0.000 recall=1.000 benignFPR=0.0000 n=[213, 126, 123]
  gate=proto-self dev_new       AUC=0.477±0.012 recall=0.000 benignFPR=0.0000 n=[213, 126, 123]
  gate=proto-self cfg|usr_new   AUC=0.949±0.006 recall=0.000 benignFPR=0.0000 n=[213, 126, 123]
  gate=proto-self dev|usr_new   AUC=0.554±0.039 recall=0.000 benignFPR=0.0000 n=[213, 126, 123]
  gate=proto-self src|usr_new   AUC=0.890±0.007 recall=0.000 benignFPR=0.0000 n=[213, 126, 123]
  gate=proto-self stateful      AUC=0.964±0.016 recall=0.024 benignFPR=0.0018 n=[213, 126, 123]
  gate=proto-self combined      AUC=0.964±0.016 recall=0.024 benignFPR=0.0018 n=[213, 126, 123]
  gate=proto-all  cfg_new       AUC=0.610±0.004 recall=0.219 benignFPR=0.0000 n=[213, 126, 123]
  gate=proto-all  src_new       AUC=0.610±0.004 recall=0.219 benignFPR=0.0000 n=[213, 126, 123]
  gate=proto-all  dev_new       AUC=0.500±0.000 recall=0.000 benignFPR=0.0005 n=[213, 126, 123]
  gate=proto-all  cfg|usr_new   AUC=0.609±0.004 recall=0.219 benignFPR=0.0023 n=[213, 126, 123]
  gate=proto-all  dev|usr_new   AUC=0.511±0.004 recall=0.022 benignFPR=0.0014 n=[213, 126, 123]
  gate=proto-all  src|usr_new   AUC=0.523±0.005 recall=0.000 benignFPR=0.0000 n=[213, 126, 123]
  gate=proto-all  stateful      AUC=0.541±0.005 recall=0.219 benignFPR=0.0021 n=[213, 126, 123]
  gate=proto-all  combined      AUC=0.541±0.005 recall=0.219 benignFPR=0.0021 n=[213, 126, 123]
