
=== LATERAL — v5 default config (200k events) ===
  gate=label      cfg|dev_new   AUC=0.638±0.020 recall=0.282 benignFPR=0.0068 n=[171, 234, 255]
  gate=label      cfg|usr_new   AUC=0.692±0.031 recall=0.000 benignFPR=0.0000 n=[171, 234, 255]
  gate=label      dev|usr_new   AUC=0.673±0.054 recall=0.000 benignFPR=0.0000 n=[171, 234, 255]
  gate=label      src|usr_new   AUC=0.516±0.023 recall=0.000 benignFPR=0.0000 n=[171, 234, 255]
  gate=label      role_changed  AUC=0.500±0.000 recall=0.000 benignFPR=0.0000 n=[171, 234, 255]
  gate=label      sensor        AUC=0.541±0.014 recall=0.000 benignFPR=0.0000 n=[171, 234, 255]
  gate=label      stateful      AUC=0.765±0.048 recall=0.177 benignFPR=0.0080 n=[171, 234, 255]
  gate=label      combined      AUC=0.771±0.050 recall=0.041 benignFPR=0.0006 n=[171, 234, 255]
  gate=all        cfg|dev_new   AUC=0.625±0.017 recall=0.256 benignFPR=0.0067 n=[171, 234, 255]
  gate=all        cfg|usr_new   AUC=0.625±0.036 recall=0.000 benignFPR=0.0000 n=[171, 234, 255]
  gate=all        dev|usr_new   AUC=0.509±0.018 recall=0.000 benignFPR=0.0000 n=[171, 234, 255]
  gate=all        src|usr_new   AUC=0.486±0.016 recall=0.000 benignFPR=0.0000 n=[171, 234, 255]
  gate=all        role_changed  AUC=0.500±0.000 recall=0.000 benignFPR=0.0000 n=[171, 234, 255]
  gate=all        sensor        AUC=0.541±0.014 recall=0.000 benignFPR=0.0000 n=[171, 234, 255]
  gate=all        stateful      AUC=0.655±0.042 recall=0.061 benignFPR=0.0077 n=[171, 234, 255]
  gate=all        combined      AUC=0.668±0.045 recall=0.016 benignFPR=0.0006 n=[171, 234, 255]
  gate=proto-self cfg|dev_new   AUC=0.587±0.048 recall=0.000 benignFPR=0.0000 n=[171, 234, 255]
  gate=proto-self cfg|usr_new   AUC=0.653±0.047 recall=0.000 benignFPR=0.0000 n=[171, 234, 255]
  gate=proto-self dev|usr_new   AUC=0.612±0.063 recall=0.000 benignFPR=0.0000 n=[171, 234, 255]
  gate=proto-self src|usr_new   AUC=0.514±0.028 recall=0.000 benignFPR=0.0000 n=[171, 234, 255]
  gate=proto-self role_changed  AUC=0.500±0.000 recall=0.000 benignFPR=0.0000 n=[171, 234, 255]
  gate=proto-self sensor        AUC=0.541±0.014 recall=0.000 benignFPR=0.0000 n=[171, 234, 255]
  gate=proto-self stateful      AUC=0.664±0.071 recall=0.000 benignFPR=0.0000 n=[171, 234, 255]
  gate=proto-self combined      AUC=0.672±0.073 recall=0.012 benignFPR=0.0022 n=[171, 234, 255]
  gate=proto-all  cfg|dev_new   AUC=0.631±0.015 recall=0.269 benignFPR=0.0067 n=[171, 234, 255]
  gate=proto-all  cfg|usr_new   AUC=0.641±0.027 recall=0.000 benignFPR=0.0000 n=[171, 234, 255]
  gate=proto-all  dev|usr_new   AUC=0.511±0.017 recall=0.000 benignFPR=0.0000 n=[171, 234, 255]
  gate=proto-all  src|usr_new   AUC=0.487±0.014 recall=0.000 benignFPR=0.0000 n=[171, 234, 255]
  gate=proto-all  role_changed  AUC=0.500±0.000 recall=0.000 benignFPR=0.0000 n=[171, 234, 255]
  gate=proto-all  sensor        AUC=0.541±0.014 recall=0.000 benignFPR=0.0000 n=[171, 234, 255]
  gate=proto-all  stateful      AUC=0.663±0.036 recall=0.069 benignFPR=0.0079 n=[171, 234, 255]
  gate=proto-all  combined      AUC=0.676±0.039 recall=0.018 benignFPR=0.0006 n=[171, 234, 255]

=== CREDENTIAL THEFT — v5 default config (200k events) ===
  gate=label      cfg_new       AUC=0.632±0.006 recall=0.267 benignFPR=0.0032 n=[174, 199, 193]
  gate=label      src_new       AUC=0.711±0.018 recall=0.000 benignFPR=0.0000 n=[174, 199, 193]
  gate=label      dev_new       AUC=0.649±0.020 recall=0.299 benignFPR=0.0007 n=[174, 199, 193]
  gate=label      cfg|usr_new   AUC=0.734±0.046 recall=0.000 benignFPR=0.0000 n=[174, 199, 193]
  gate=label      dev|usr_new   AUC=0.676±0.048 recall=0.000 benignFPR=0.0000 n=[174, 199, 193]
  gate=label      src|usr_new   AUC=0.756±0.011 recall=0.000 benignFPR=0.0000 n=[174, 199, 193]
  gate=label      stateful      AUC=0.895±0.032 recall=0.546 benignFPR=0.0080 n=[174, 199, 193]
  gate=label      combined      AUC=0.886±0.030 recall=0.205 benignFPR=0.0006 n=[174, 199, 193]
  gate=all        cfg_new       AUC=0.529±0.002 recall=0.062 benignFPR=0.0031 n=[174, 199, 193]
  gate=all        src_new       AUC=0.537±0.002 recall=0.000 benignFPR=0.0000 n=[174, 199, 193]
  gate=all        dev_new       AUC=0.500±0.000 recall=0.000 benignFPR=0.0004 n=[174, 199, 193]
  gate=all        cfg|usr_new   AUC=0.546±0.008 recall=0.000 benignFPR=0.0000 n=[174, 199, 193]
  gate=all        dev|usr_new   AUC=0.488±0.010 recall=0.000 benignFPR=0.0000 n=[174, 199, 193]
  gate=all        src|usr_new   AUC=0.501±0.001 recall=0.000 benignFPR=0.0000 n=[174, 199, 193]
  gate=all        stateful      AUC=0.517±0.007 recall=0.124 benignFPR=0.0077 n=[174, 199, 193]
  gate=all        combined      AUC=0.504±0.010 recall=0.046 benignFPR=0.0006 n=[174, 199, 193]
  gate=proto-self cfg_new       AUC=0.620±0.046 recall=0.000 benignFPR=0.0000 n=[174, 199, 193]
  gate=proto-self src_new       AUC=0.711±0.018 recall=0.000 benignFPR=0.0000 n=[174, 199, 193]
  gate=proto-self dev_new       AUC=0.600±0.016 recall=0.000 benignFPR=0.0000 n=[174, 199, 193]
  gate=proto-self cfg|usr_new   AUC=0.712±0.052 recall=0.000 benignFPR=0.0000 n=[174, 199, 193]
  gate=proto-self dev|usr_new   AUC=0.626±0.006 recall=0.000 benignFPR=0.0000 n=[174, 199, 193]
  gate=proto-self src|usr_new   AUC=0.749±0.004 recall=0.000 benignFPR=0.0000 n=[174, 199, 193]
  gate=proto-self stateful      AUC=0.828±0.029 recall=0.000 benignFPR=0.0000 n=[174, 199, 193]
  gate=proto-self combined      AUC=0.818±0.027 recall=0.007 benignFPR=0.0022 n=[174, 199, 193]
  gate=proto-all  cfg_new       AUC=0.529±0.002 recall=0.062 benignFPR=0.0031 n=[174, 199, 193]
  gate=proto-all  src_new       AUC=0.537±0.002 recall=0.000 benignFPR=0.0000 n=[174, 199, 193]
  gate=proto-all  dev_new       AUC=0.535±0.004 recall=0.071 benignFPR=0.0007 n=[174, 199, 193]
  gate=proto-all  cfg|usr_new   AUC=0.547±0.009 recall=0.000 benignFPR=0.0000 n=[174, 199, 193]
  gate=proto-all  dev|usr_new   AUC=0.488±0.009 recall=0.000 benignFPR=0.0000 n=[174, 199, 193]
  gate=proto-all  src|usr_new   AUC=0.500±0.001 recall=0.000 benignFPR=0.0000 n=[174, 199, 193]
  gate=proto-all  stateful      AUC=0.517±0.006 recall=0.125 benignFPR=0.0079 n=[174, 199, 193]
  gate=proto-all  combined      AUC=0.504±0.010 recall=0.050 benignFPR=0.0006 n=[174, 199, 193]
